// Jest Snapshot v1, https://goo.gl/fbAQLP

exports[`RequestsList Matches snapshot 1`] = `
ShallowWrapper {
  Symbol(enzyme.__root__): [Circular],
  Symbol(enzyme.__unrendered__): <RequestsList
    requests={
      Array [
        Object {
          "applications": 17,
          "applied": false,
          "createdAt": "2019-08-05T23:01:25.000Z",
          "id": 0,
          "instrument": "piano",
          "lessonDuration": "45",
          "location": "Boston, Ma",
          "message": "Lorem Ipsum is simply dummy text of the printing and typesetting industria",
          "placeForLessons": "studio",
          "students": Array [
            Object {
              "age": 18,
              "name": "Roxana",
              "skillLevel": "beginner",
            },
          ],
          "title": "Fun and experience piano instructor",
          "user": Object {
            "birthday": "1996-07-12T04:00:00.000Z",
            "displayName": "Roxana G.",
            "distance": "0.5 mi away",
            "email": "rox@gmail.com",
            "firstName": "Roxana",
            "id": "0",
            "lastName": "Gallardo",
            "role": "student",
          },
        },
        Object {
          "application": Object {
            "createdAt": "Mon Aug 22, 2019 at 2:00pm EDT",
            "message": "Hello Sam, I would love to work with your family and typesetting industria  Ipsum is simply dummy.",
            "rate": 50,
          },
          "applications": 17,
          "applied": true,
          "createdAt": "2019-08-05T20:19:25.000Z",
          "id": 1,
          "instrument": "piano",
          "lessonDuration": "45",
          "location": "Boston, Ma",
          "message": "Lorem Ipsum is simply dummy text of the printing and typesetting industria",
          "placeForLessons": "home",
          "students": Array [
            Object {
              "age": 6,
              "name": "Zoe",
              "skillLevel": "beginner",
            },
            Object {
              "age": 9,
              "name": "Esme",
              "skillLevel": "beginner",
            },
          ],
          "title": "Piano teacher needed for my family",
          "user": Object {
            "displayName": "Sam F.",
            "distance": "0.5 mi away",
            "email": "sam@gmail.com",
            "firstName": "Sam",
            "id": "1",
            "lastName": "Flood",
            "role": "parent",
          },
        },
        Object {
          "applications": 17,
          "applied": false,
          "createdAt": "2019-08-05T15:19:25.000Z",
          "id": 2,
          "instrument": "piano",
          "lessonDuration": "45",
          "location": "Boston, Ma",
          "message": "Lorem Ipsum is simply dummy text of the printing and typesetting industria",
          "placeForLessons": "home",
          "students": Array [
            Object {
              "age": 11,
              "name": "Ethan",
              "skillLevel": "beginner",
            },
          ],
          "title": "Instructor for one child in Boston",
          "user": Object {
            "displayName": "Victor C.",
            "distance": "1 mi away",
            "email": "victor@gmail.com",
            "firstName": "Victor",
            "id": "2",
            "lastName": "Charles",
            "role": "parent",
          },
        },
      ]
    }
  />,
  Symbol(enzyme.__renderer__): Object {
    "batchedUpdates": [Function],
    "checkPropTypes": [Function],
    "getNode": [Function],
    "render": [Function],
    "simulateError": [Function],
    "simulateEvent": [Function],
    "unmount": [Function],
  },
  Symbol(enzyme.__node__): Object {
    "instance": null,
    "key": undefined,
    "nodeType": "host",
    "props": Object {
      "children": <Unknown
        address=""
        filterSection={
          <RequestFilter
            distance={undefined}
            handleChange={[Function]}
            home={false}
            instrument=""
            lessonDuration="Any"
            online={false}
            skillLevel="Any"
            studio={false}
            zipCode=""
          />
        }
        getLatLng={[Function]}
        getLocation={[Function]}
        handleChange={[Function]}
        hasCallToAction={true}
        instrument=""
        isRequesting={false}
        mainContent={
          <Requests
            requests={
              Array [
                Object {
                  "applications": 17,
                  "applied": false,
                  "createdAt": "2019-08-05T23:01:25.000Z",
                  "id": 0,
                  "instrument": "piano",
                  "lessonDuration": "45",
                  "location": "Boston, Ma",
                  "message": "Lorem Ipsum is simply dummy text of the printing and typesetting industria",
                  "placeForLessons": "studio",
                  "students": Array [
                    Object {
                      "age": 18,
                      "name": "Roxana",
                      "skillLevel": "beginner",
                    },
                  ],
                  "title": "Fun and experience piano instructor",
                  "user": Object {
                    "birthday": "1996-07-12T04:00:00.000Z",
                    "displayName": "Roxana G.",
                    "distance": "0.5 mi away",
                    "email": "rox@gmail.com",
                    "firstName": "Roxana",
                    "id": "0",
                    "lastName": "Gallardo",
                    "role": "student",
                  },
                },
                Object {
                  "application": Object {
                    "createdAt": "Mon Aug 22, 2019 at 2:00pm EDT",
                    "message": "Hello Sam, I would love to work with your family and typesetting industria  Ipsum is simply dummy.",
                    "rate": 50,
                  },
                  "applications": 17,
                  "applied": true,
                  "createdAt": "2019-08-05T20:19:25.000Z",
                  "id": 1,
                  "instrument": "piano",
                  "lessonDuration": "45",
                  "location": "Boston, Ma",
                  "message": "Lorem Ipsum is simply dummy text of the printing and typesetting industria",
                  "placeForLessons": "home",
                  "students": Array [
                    Object {
                      "age": 6,
                      "name": "Zoe",
                      "skillLevel": "beginner",
                    },
                    Object {
                      "age": 9,
                      "name": "Esme",
                      "skillLevel": "beginner",
                    },
                  ],
                  "title": "Piano teacher needed for my family",
                  "user": Object {
                    "displayName": "Sam F.",
                    "distance": "0.5 mi away",
                    "email": "sam@gmail.com",
                    "firstName": "Sam",
                    "id": "1",
                    "lastName": "Flood",
                    "role": "parent",
                  },
                },
                Object {
                  "applications": 17,
                  "applied": false,
                  "createdAt": "2019-08-05T15:19:25.000Z",
                  "id": 2,
                  "instrument": "piano",
                  "lessonDuration": "45",
                  "location": "Boston, Ma",
                  "message": "Lorem Ipsum is simply dummy text of the printing and typesetting industria",
                  "placeForLessons": "home",
                  "students": Array [
                    Object {
                      "age": 11,
                      "name": "Ethan",
                      "skillLevel": "beginner",
                    },
                  ],
                  "title": "Instructor for one child in Boston",
                  "user": Object {
                    "displayName": "Victor C.",
                    "distance": "1 mi away",
                    "email": "victor@gmail.com",
                    "firstName": "Victor",
                    "id": "2",
                    "lastName": "Charles",
                    "role": "parent",
                  },
                },
              ]
            }
          />
        }
        pageTitle="Requests"
        results={0}
      />,
    },
    "ref": null,
    "rendered": Object {
      "instance": null,
      "key": undefined,
      "nodeType": "function",
      "props": Object {
        "address": "",
        "filterSection": <RequestFilter
          distance={undefined}
          handleChange={[Function]}
          home={false}
          instrument=""
          lessonDuration="Any"
          online={false}
          skillLevel="Any"
          studio={false}
          zipCode=""
        />,
        "getLatLng": [Function],
        "getLocation": [Function],
        "handleChange": [Function],
        "hasCallToAction": true,
        "instrument": "",
        "isRequesting": false,
        "mainContent": <Requests
          requests={
            Array [
              Object {
                "applications": 17,
                "applied": false,
                "createdAt": "2019-08-05T23:01:25.000Z",
                "id": 0,
                "instrument": "piano",
                "lessonDuration": "45",
                "location": "Boston, Ma",
                "message": "Lorem Ipsum is simply dummy text of the printing and typesetting industria",
                "placeForLessons": "studio",
                "students": Array [
                  Object {
                    "age": 18,
                    "name": "Roxana",
                    "skillLevel": "beginner",
                  },
                ],
                "title": "Fun and experience piano instructor",
                "user": Object {
                  "birthday": "1996-07-12T04:00:00.000Z",
                  "displayName": "Roxana G.",
                  "distance": "0.5 mi away",
                  "email": "rox@gmail.com",
                  "firstName": "Roxana",
                  "id": "0",
                  "lastName": "Gallardo",
                  "role": "student",
                },
              },
              Object {
                "application": Object {
                  "createdAt": "Mon Aug 22, 2019 at 2:00pm EDT",
                  "message": "Hello Sam, I would love to work with your family and typesetting industria  Ipsum is simply dummy.",
                  "rate": 50,
                },
                "applications": 17,
                "applied": true,
                "createdAt": "2019-08-05T20:19:25.000Z",
                "id": 1,
                "instrument": "piano",
                "lessonDuration": "45",
                "location": "Boston, Ma",
                "message": "Lorem Ipsum is simply dummy text of the printing and typesetting industria",
                "placeForLessons": "home",
                "students": Array [
                  Object {
                    "age": 6,
                    "name": "Zoe",
                    "skillLevel": "beginner",
                  },
                  Object {
                    "age": 9,
                    "name": "Esme",
                    "skillLevel": "beginner",
                  },
                ],
                "title": "Piano teacher needed for my family",
                "user": Object {
                  "displayName": "Sam F.",
                  "distance": "0.5 mi away",
                  "email": "sam@gmail.com",
                  "firstName": "Sam",
                  "id": "1",
                  "lastName": "Flood",
                  "role": "parent",
                },
              },
              Object {
                "applications": 17,
                "applied": false,
                "createdAt": "2019-08-05T15:19:25.000Z",
                "id": 2,
                "instrument": "piano",
                "lessonDuration": "45",
                "location": "Boston, Ma",
                "message": "Lorem Ipsum is simply dummy text of the printing and typesetting industria",
                "placeForLessons": "home",
                "students": Array [
                  Object {
                    "age": 11,
                    "name": "Ethan",
                    "skillLevel": "beginner",
                  },
                ],
                "title": "Instructor for one child in Boston",
                "user": Object {
                  "displayName": "Victor C.",
                  "distance": "1 mi away",
                  "email": "victor@gmail.com",
                  "firstName": "Victor",
                  "id": "2",
                  "lastName": "Charles",
                  "role": "parent",
                },
              },
            ]
          }
        />,
        "pageTitle": "Requests",
        "results": 0,
      },
      "ref": null,
      "rendered": null,
      "type": [Function],
    },
    "type": "div",
  },
  Symbol(enzyme.__nodes__): Array [
    Object {
      "instance": null,
      "key": undefined,
      "nodeType": "host",
      "props": Object {
        "children": <Unknown
          address=""
          filterSection={
            <RequestFilter
              distance={undefined}
              handleChange={[Function]}
              home={false}
              instrument=""
              lessonDuration="Any"
              online={false}
              skillLevel="Any"
              studio={false}
              zipCode=""
            />
          }
          getLatLng={[Function]}
          getLocation={[Function]}
          handleChange={[Function]}
          hasCallToAction={true}
          instrument=""
          isRequesting={false}
          mainContent={
            <Requests
              requests={
                Array [
                  Object {
                    "applications": 17,
                    "applied": false,
                    "createdAt": "2019-08-05T23:01:25.000Z",
                    "id": 0,
                    "instrument": "piano",
                    "lessonDuration": "45",
                    "location": "Boston, Ma",
                    "message": "Lorem Ipsum is simply dummy text of the printing and typesetting industria",
                    "placeForLessons": "studio",
                    "students": Array [
                      Object {
                        "age": 18,
                        "name": "Roxana",
                        "skillLevel": "beginner",
                      },
                    ],
                    "title": "Fun and experience piano instructor",
                    "user": Object {
                      "birthday": "1996-07-12T04:00:00.000Z",
                      "displayName": "Roxana G.",
                      "distance": "0.5 mi away",
                      "email": "rox@gmail.com",
                      "firstName": "Roxana",
                      "id": "0",
                      "lastName": "Gallardo",
                      "role": "student",
                    },
                  },
                  Object {
                    "application": Object {
                      "createdAt": "Mon Aug 22, 2019 at 2:00pm EDT",
                      "message": "Hello Sam, I would love to work with your family and typesetting industria  Ipsum is simply dummy.",
                      "rate": 50,
                    },
                    "applications": 17,
                    "applied": true,
                    "createdAt": "2019-08-05T20:19:25.000Z",
                    "id": 1,
                    "instrument": "piano",
                    "lessonDuration": "45",
                    "location": "Boston, Ma",
                    "message": "Lorem Ipsum is simply dummy text of the printing and typesetting industria",
                    "placeForLessons": "home",
                    "students": Array [
                      Object {
                        "age": 6,
                        "name": "Zoe",
                        "skillLevel": "beginner",
                      },
                      Object {
                        "age": 9,
                        "name": "Esme",
                        "skillLevel": "beginner",
                      },
                    ],
                    "title": "Piano teacher needed for my family",
                    "user": Object {
                      "displayName": "Sam F.",
                      "distance": "0.5 mi away",
                      "email": "sam@gmail.com",
                      "firstName": "Sam",
                      "id": "1",
                      "lastName": "Flood",
                      "role": "parent",
                    },
                  },
                  Object {
                    "applications": 17,
                    "applied": false,
                    "createdAt": "2019-08-05T15:19:25.000Z",
                    "id": 2,
                    "instrument": "piano",
                    "lessonDuration": "45",
                    "location": "Boston, Ma",
                    "message": "Lorem Ipsum is simply dummy text of the printing and typesetting industria",
                    "placeForLessons": "home",
                    "students": Array [
                      Object {
                        "age": 11,
                        "name": "Ethan",
                        "skillLevel": "beginner",
                      },
                    ],
                    "title": "Instructor for one child in Boston",
                    "user": Object {
                      "displayName": "Victor C.",
                      "distance": "1 mi away",
                      "email": "victor@gmail.com",
                      "firstName": "Victor",
                      "id": "2",
                      "lastName": "Charles",
                      "role": "parent",
                    },
                  },
                ]
              }
            />
          }
          pageTitle="Requests"
          results={0}
        />,
      },
      "ref": null,
      "rendered": Object {
        "instance": null,
        "key": undefined,
        "nodeType": "function",
        "props": Object {
          "address": "",
          "filterSection": <RequestFilter
            distance={undefined}
            handleChange={[Function]}
            home={false}
            instrument=""
            lessonDuration="Any"
            online={false}
            skillLevel="Any"
            studio={false}
            zipCode=""
          />,
          "getLatLng": [Function],
          "getLocation": [Function],
          "handleChange": [Function],
          "hasCallToAction": true,
          "instrument": "",
          "isRequesting": false,
          "mainContent": <Requests
            requests={
              Array [
                Object {
                  "applications": 17,
                  "applied": false,
                  "createdAt": "2019-08-05T23:01:25.000Z",
                  "id": 0,
                  "instrument": "piano",
                  "lessonDuration": "45",
                  "location": "Boston, Ma",
                  "message": "Lorem Ipsum is simply dummy text of the printing and typesetting industria",
                  "placeForLessons": "studio",
                  "students": Array [
                    Object {
                      "age": 18,
                      "name": "Roxana",
                      "skillLevel": "beginner",
                    },
                  ],
                  "title": "Fun and experience piano instructor",
                  "user": Object {
                    "birthday": "1996-07-12T04:00:00.000Z",
                    "displayName": "Roxana G.",
                    "distance": "0.5 mi away",
                    "email": "rox@gmail.com",
                    "firstName": "Roxana",
                    "id": "0",
                    "lastName": "Gallardo",
                    "role": "student",
                  },
                },
                Object {
                  "application": Object {
                    "createdAt": "Mon Aug 22, 2019 at 2:00pm EDT",
                    "message": "Hello Sam, I would love to work with your family and typesetting industria  Ipsum is simply dummy.",
                    "rate": 50,
                  },
                  "applications": 17,
                  "applied": true,
                  "createdAt": "2019-08-05T20:19:25.000Z",
                  "id": 1,
                  "instrument": "piano",
                  "lessonDuration": "45",
                  "location": "Boston, Ma",
                  "message": "Lorem Ipsum is simply dummy text of the printing and typesetting industria",
                  "placeForLessons": "home",
                  "students": Array [
                    Object {
                      "age": 6,
                      "name": "Zoe",
                      "skillLevel": "beginner",
                    },
                    Object {
                      "age": 9,
                      "name": "Esme",
                      "skillLevel": "beginner",
                    },
                  ],
                  "title": "Piano teacher needed for my family",
                  "user": Object {
                    "displayName": "Sam F.",
                    "distance": "0.5 mi away",
                    "email": "sam@gmail.com",
                    "firstName": "Sam",
                    "id": "1",
                    "lastName": "Flood",
                    "role": "parent",
                  },
                },
                Object {
                  "applications": 17,
                  "applied": false,
                  "createdAt": "2019-08-05T15:19:25.000Z",
                  "id": 2,
                  "instrument": "piano",
                  "lessonDuration": "45",
                  "location": "Boston, Ma",
                  "message": "Lorem Ipsum is simply dummy text of the printing and typesetting industria",
                  "placeForLessons": "home",
                  "students": Array [
                    Object {
                      "age": 11,
                      "name": "Ethan",
                      "skillLevel": "beginner",
                    },
                  ],
                  "title": "Instructor for one child in Boston",
                  "user": Object {
                    "displayName": "Victor C.",
                    "distance": "1 mi away",
                    "email": "victor@gmail.com",
                    "firstName": "Victor",
                    "id": "2",
                    "lastName": "Charles",
                    "role": "parent",
                  },
                },
              ]
            }
          />,
          "pageTitle": "Requests",
          "results": 0,
        },
        "ref": null,
        "rendered": null,
        "type": [Function],
      },
      "type": "div",
    },
  ],
  Symbol(enzyme.__options__): Object {
    "adapter": ReactSixteenAdapter {
      "options": Object {
        "enableComponentDidUpdateOnSetState": true,
        "legacyContextMode": "parent",
        "lifecycles": Object {
          "componentDidUpdate": Object {
            "onSetState": true,
          },
          "getChildContext": Object {
            "calledByRenderer": false,
          },
          "getDerivedStateFromError": true,
          "getDerivedStateFromProps": Object {
            "hasShouldComponentUpdateBug": false,
          },
          "getSnapshotBeforeUpdate": true,
          "setState": Object {
            "skipsComponentDidUpdateOnNullish": true,
          },
        },
      },
    },
    Symbol(enzyme.__providerValues__): undefined,
  },
  Symbol(enzyme.__providerValues__): Map {},
  Symbol(enzyme.__childContext__): null,
}
`;
